Pedantic translation of Buildings.Templates.Plants.HeatPumps.Validation.HardCase1

The DAE has 16160 scalar unknowns and 16160 scalar equations.

Redundant consistent initial conditions.

Removed the following equations which are redundant and consistent:
weaDat.pAtmSel.p = weaDat.pAtm;
if (pla.hp.hp[2].hp.eva.vol.dynBal.massDynamics == Modelica.Fluid.Types.Dynamics. FixedInitial) then
if (pla.hp.hp[2].hp.eva.vol.dynBal.initialize_p) then
pla.hp.hp[2].hp.eva.vol.dynBal.medium.p = pla.hp.hp[2].hp.eva.vol.dynBal.p_start;
end if;
else
if (pla.hp.hp[2].hp.eva.vol.dynBal.massDynamics == Modelica.Fluid.Types.Dynamics. SteadyStateInitial) then
if (pla.hp.hp[2].hp.eva.vol.dynBal.initialize_p) then
der(pla.hp.hp[2].hp.eva.vol.dynBal.medium.p) = 0;
end if;
end if;
end if;
if (pla.hp.hp[3].hp.eva.vol.dynBal.massDynamics == Modelica.Fluid.Types.Dynamics. FixedInitial) then
if (pla.hp.hp[3].hp.eva.vol.dynBal.initialize_p) then
pla.hp.hp[3].hp.eva.vol.dynBal.medium.p = pla.hp.hp[3].hp.eva.vol.dynBal.p_start;
end if;
else
if (pla.hp.hp[3].hp.eva.vol.dynBal.massDynamics == Modelica.Fluid.Types.Dynamics. SteadyStateInitial) then
if (pla.hp.hp[3].hp.eva.vol.dynBal.initialize_p) then
der(pla.hp.hp[3].hp.eva.vol.dynBal.medium.p) = 0;
end if;
end if;
end if;
if (loaCoo.loa.coi.heaCooHum_u.vol.dynBal.massDynamics == Modelica.Fluid.Types.Dynamics. FixedInitial) then
if (loaCoo.loa.coi.heaCooHum_u.vol.dynBal.initialize_p) then
loaCoo.loa.coi.heaCooHum_u.vol.dynBal.medium.p = loaCoo.loa.coi.heaCooHum_u.vol.dynBal.p_start;
end if;
else
if (loaCoo.loa.coi.heaCooHum_u.vol.dynBal.massDynamics == Modelica.Fluid.Types.Dynamics. SteadyStateInitial) then
if (loaCoo.loa.coi.heaCooHum_u.vol.dynBal.initialize_p) then
der(loaCoo.loa.coi.heaCooHum_u.vol.dynBal.medium.p) = 0;
end if;
end if;
end if;
if (loaHea.loa.coi.heaCooHum_u.vol.dynBal.massDynamics == Modelica.Fluid.Types.Dynamics. FixedInitial) then
if (loaHea.loa.coi.heaCooHum_u.vol.dynBal.initialize_p) then
loaHea.loa.coi.heaCooHum_u.vol.dynBal.medium.p = loaHea.loa.coi.heaCooHum_u.vol.dynBal.p_start;
end if;
else
if (loaHea.loa.coi.heaCooHum_u.vol.dynBal.massDynamics == Modelica.Fluid.Types.Dynamics. SteadyStateInitial) then
if (loaHea.loa.coi.heaCooHum_u.vol.dynBal.initialize_p) then
der(loaHea.loa.coi.heaCooHum_u.vol.dynBal.medium.p) = 0;
end if;
end if;
end if;

This required evaluation of
the interactive parameters
loaCoo.loa.outAir.p(start = 101325)
loaHea.loa.outAir.p(start = 101325)
weaDat.pAtm(start = 101325)

The redundancies involve
initial equations:
pla.hp.hp[1].hp.eva.vol.dynBal.medium.p = 101325.0;
pla.hp.hp[2].hp.eva.vol.dynBal.medium.p = 101325.0;
pla.hp.hp[3].hp.eva.vol.dynBal.medium.p = 101325.0;
loaCoo.loa.coi.heaCooHum_u.vol.dynBal.medium.p = 101325.0;
loaHea.loa.coi.heaCooHum_u.vol.dynBal.medium.p = 101325.0;

Statistics

Original Model
Number of components: 4586
Variables: 31013
Constants: 299 (299 scalars)
Parameters: 15172 (17608 scalars)
Unknowns: 15542 (16580 scalars)
Differentiated variables: 121 scalars
Equations: 14373
Nontrivial: 12556

Translated Model
Constants: 15651 scalars
Free parameters: 1616 scalars
Parameter depending: 3520 scalars
Outputs: 80 scalars
Continuous time states: 89 scalars
Time-varying variables: 3852 scalars
Alias variables: 9848 scalars
Number of mixed real/discrete systems of equations: 0
Sizes of linear systems of equations: { }
Sizes after manipulation of the linear systems: { }
Sizes of nonlinear systems of equations: {52, 43, 43, 3, 3, 3}
Sizes after manipulation of the nonlinear systems: {8, 1, 1, 1, 1, 1}
Number of numerical Jacobians: 2

Initialization problem
Sizes of nonlinear systems of equations: {3, 3, 58, 1, 1, 49, 49}
Sizes after manipulation of the nonlinear systems: {1, 1, 9, 0, 0, 1, 1}
Sizes of simplified homotopy nonlinear systems of equations: {52, 1, 1, 48, 48}
Sizes after manipulation of the simplified homotopy nonlinear systems: {8, 0, 0, 1, 1}
Number of numerical Jacobians: 4

Variables appearing in the nonlinear systems of equations

System initialization.nonlinear[1]:

Iteration variables:
loaCoo.loa.coi.UAFroRated.UAAir(start = 10)

System initialization.nonlinear[2]:

Iteration variables:
loaHea.loa.coi.UAFroRated.UAAir(start = 10)

System initialization.nonlinear[3]:

The equation system depends on the following variables:
loaCoo.con.val.valEqu.k
loaHea.con.val.valEqu.k
pla.pumPri.pumChiWat.pum[1].motSpe.y
pla.pumPri.pumChiWat.pum[2].motSpe.y
pla.pumPri.pumChiWat.pum[3].motSpe.y
pla.pumPri.pumHeaWat.pum[1].motSpe.y
pla.pumPri.pumHeaWat.pum[2].motSpe.y
pla.pumPri.pumHeaWat.pum[3].motSpe.y
pla.valChiWatMinByp.lin.kVal
pla.valHeaWatMinByp.lin.kVal
pla.valIso.valChiWatUniInlIso[1].lin.k
pla.valIso.valChiWatUniInlIso[2].lin.k
pla.valIso.valChiWatUniInlIso[3].lin.k
pla.valIso.valHeaWatUniInlIso[1].lin.k
pla.valIso.valHeaWatUniInlIso[2].lin.k
pla.valIso.valHeaWatUniInlIso[3].lin.k

Iteration variables:
pipChiWat.dp(start = 0.0)
pipHeaWat.dp(start = 0.0)
pla.pumPri.pumChiWat.valChe[3].dp(start = 0.0)
pla.pumPri.pumHeaWat.valChe[2].dp(start = 0.0)
pla.valIso.port_aChiWat.m_flow(start = 0.0)
pla.valIso.port_bHeaWat.m_flow(start = 0.0)
pla.valIso.valChiWatUniInlIso[2].lin.dp(start = 0.0)
pla.valIso.valHeaWatUniInlIso[1].port_b.p(start = 300000)
pla.valIso.valHeaWatUniInlIso[3].port_b.p(start = 300000)

System initialization.nonlinear[4]:

The equation system depends on the following variables:
loaCoo.loa.coi.dryWetCalcs.fullyDry.CWat_flow
loaCoo.loa.coi.dryWetCalcs.fullyWet.dhSatdTWatIn
loaCoo.loa.coi.dryWetCalcs.fullyWet.hSatWatIn
loaCoo.loa.coi.dryWetCalcs.mWatNonZer_flow
loaCoo.loa.coi.fac1
loaCoo.loa.coi.hA.hA_1
loaCoo.loa.coi.hA.m1_flow
loaCoo.loa.coi.hA.T_1
loaCoo.loa.conPID.conPID.I.y
ratLoa.y[2]

Iteration variables:
loaCoo.loa.outAir.ports[1].m_flow(start = 0.0)

System initialization.nonlinear[5]:

The equation system depends on the following variables:
loaHea.loa.coi.dryWetCalcs.fullyDry.CWat_flow
loaHea.loa.coi.dryWetCalcs.fullyWet.dhSatdTWatIn
loaHea.loa.coi.dryWetCalcs.fullyWet.hSatWatIn
loaHea.loa.coi.dryWetCalcs.mWatNonZer_flow
loaHea.loa.coi.fac1
loaHea.loa.coi.hA.hA_1
loaHea.loa.coi.hA.m1_flow
loaHea.loa.coi.hA.T_1
loaHea.loa.conPID.conPID.I.y
ratLoa.y[1]

Iteration variables:
loaHea.loa.outAir.ports[1].m_flow(start = 0.0)

System simplified homotopy initialization.nonlinear[1]:

The equation system depends on the following variables:
pla.pumPri.pumChiWat.pum[1].motSpe.y
pla.pumPri.pumChiWat.pum[2].motSpe.y
pla.pumPri.pumChiWat.pum[3].motSpe.y
pla.pumPri.pumHeaWat.pum[1].motSpe.y
pla.pumPri.pumHeaWat.pum[2].motSpe.y
pla.pumPri.pumHeaWat.pum[3].motSpe.y

Iteration variables:
pipChiWat.dp(start = 0.0)
pipHeaWat.dp(start = 0.0)
pla.pumPri.pumChiWat.valChe[3].dp(start = 0.0)
pla.pumPri.pumHeaWat.valChe[2].dp(start = 0.0)
pla.valIso.junChiWatRet.ports[1].m_flow(start = 0.0)
pla.valIso.junChiWatRet.ports[3].m_flow(start = 0.0)
pla.valIso.port_aChiWat.m_flow(start = 0.0)
pla.valIso.port_bHeaWat.m_flow(start = 0.0)

System simplified homotopy initialization.nonlinear[2]:

The equation system depends on the following variables:
loaCoo.loa.coi.dryWetCalcs.fullyDry.CWat_flow
loaCoo.loa.coi.dryWetCalcs.fullyWet.dhSatdTWatIn
loaCoo.loa.coi.dryWetCalcs.fullyWet.hSatWatIn
loaCoo.loa.coi.dryWetCalcs.mWatNonZer_flow
loaCoo.loa.coi.fac1
loaCoo.loa.coi.hA.hA_1
loaCoo.loa.coi.hA.m1_flow
loaCoo.loa.coi.hA.T_1
loaCoo.loa.conPID.conPID.I.y
ratLoa.y[2]

Iteration variables:
loaCoo.loa.outAir.ports[1].m_flow(start = 0.0)

System simplified homotopy initialization.nonlinear[3]:

The equation system depends on the following variables:
loaHea.loa.coi.dryWetCalcs.fullyDry.CWat_flow
loaHea.loa.coi.dryWetCalcs.fullyWet.dhSatdTWatIn
loaHea.loa.coi.dryWetCalcs.fullyWet.hSatWatIn
loaHea.loa.coi.dryWetCalcs.mWatNonZer_flow
loaHea.loa.coi.fac1
loaHea.loa.coi.hA.hA_1
loaHea.loa.coi.hA.m1_flow
loaHea.loa.coi.hA.T_1
loaHea.loa.conPID.conPID.I.y
ratLoa.y[1]

Iteration variables:
loaHea.loa.outAir.ports[1].m_flow(start = 0.0)

System simulation.nonlinear[1]:

The equation system depends on the following timevarying variables:
loaCoo.con.val.valEqu.k
loaHea.con.val.valEqu.k
pla.pumPri.pumChiWat.pum[1].motSpe.y
pla.pumPri.pumChiWat.pum[2].motSpe.y
pla.pumPri.pumChiWat.pum[3].motSpe.y
pla.pumPri.pumHeaWat.pum[1].motSpe.y
pla.pumPri.pumHeaWat.pum[2].motSpe.y
pla.pumPri.pumHeaWat.pum[3].motSpe.y
pla.valChiWatMinByp.lin.kVal
pla.valHeaWatMinByp.lin.kVal
pla.valIso.valChiWatUniInlIso[1].lin.k
pla.valIso.valChiWatUniInlIso[2].lin.k
pla.valIso.valChiWatUniInlIso[3].lin.k
pla.valIso.valHeaWatUniInlIso[1].lin.k
pla.valIso.valHeaWatUniInlIso[2].lin.k
pla.valIso.valHeaWatUniInlIso[3].lin.k

Iteration variables:
pla.port_aChiWat.m_flow(start = 0.0)
pla.pumPri.pumChiWat.valChe[3].dp(start = 0.0)
pla.pumPri.pumHeaWat.valChe[2].dp(start = 0.0)
pla.valIso.port_aChiWat.m_flow(start = 0.0)
pla.valIso.port_bHeaWat.m_flow(start = 0.0)
pla.valIso.valHeaWatUniInlIso[1].port_b.p(start = 300000)
pla.valIso.valHeaWatUniInlIso[3].port_b.p(start = 300000)
VHeaWat_flow.port_a.m_flow(start = 0.0)

System simulation.nonlinear[2]:

The equation system depends on the following timevarying variables:
loaCoo.loa.coi.dryWetCalcs.fullyDry.CWat_flow
loaCoo.loa.coi.dryWetCalcs.fullyWet.cpEff
loaCoo.loa.coi.dryWetCalcs.fullyWet.hSatWatIn
loaCoo.loa.coi.dryWetCalcs.mWatNonZer_flow
loaCoo.loa.coi.fac1
loaCoo.loa.coi.hA.hA_1
loaCoo.loa.coi.hA.m1_flow
loaCoo.loa.coi.hA.T_1
loaCoo.loa.conPID.conPID.I.y
ratLoa.y[2]

Iteration variables:
loaCoo.loa.outAir.ports[1].m_flow(start = 0.0)

System simulation.nonlinear[3]:

The equation system depends on the following timevarying variables:
loaHea.loa.coi.dryWetCalcs.fullyDry.CWat_flow
loaHea.loa.coi.dryWetCalcs.fullyWet.cpEff
loaHea.loa.coi.dryWetCalcs.fullyWet.hSatWatIn
loaHea.loa.coi.dryWetCalcs.mWatNonZer_flow
loaHea.loa.coi.fac1
loaHea.loa.coi.hA.hA_1
loaHea.loa.coi.hA.m1_flow
loaHea.loa.coi.hA.T_1
loaHea.loa.conPID.conPID.I.y
ratLoa.y[1]

Iteration variables:
loaHea.loa.outAir.ports[1].m_flow(start = 0.0)

System simulation.nonlinear[4]:

The equation system depends on the following timevarying variables:
loaCoo.loa.coi.dryWetCalcs.fullyWet.hSatSurEff

Iteration variables:
loaCoo.loa.coi.dryWetCalcs.fullyWet.TSurEff(start = 288.15)

System simulation.nonlinear[5]:

The equation system depends on the following timevarying variables:
loaHea.loa.coi.dryWetCalcs.fullyWet.hSatSurEff

Iteration variables:
loaHea.loa.coi.dryWetCalcs.fullyWet.TSurEff(start = 288.15)

System simulation.nonlinear[6]:

The equation system depends on the following timevarying variables:
weaDat.tWetBul_TDryBulXi.XiDryBul
weaDat.weaBus.TDryBul

Iteration variables:
weaDat.weaBus.TWetBul(start = 293.15)

Settings

Advanced.Translation.OutputCPUtime = true

Selected continuous time states

Statically selected continuous time states
loaCoo.con.val.valEqu.actPos.y
loaCoo.loa.coi.dryWetCalcs.fullyWet.TWatOutEst
loaCoo.loa.coi.heaCoo.vol.dynBal.U
loaCoo.loa.coi.heaCooHum_u.vol.dynBal.medium.Xi[]
loaCoo.loa.coi.heaCooHum_u.vol.dynBal.U
loaCoo.loa.conPID.conPID.I.y
loaCoo.loa.TAirLvg.T
loaCoo.loa.TLiqEnt.T
loaCoo.loa.TLiqLvg.T
loaHea.con.val.valEqu.actPos.y
loaHea.loa.coi.dryWetCalcs.fullyWet.TWatOutEst
loaHea.loa.coi.heaCoo.vol.dynBal.U
loaHea.loa.coi.heaCooHum_u.vol.dynBal.medium.Xi[]
loaHea.loa.coi.heaCooHum_u.vol.dynBal.U
loaHea.loa.conPID.conPID.I.y
loaHea.loa.TAirLvg.T
loaHea.loa.TLiqEnt.T
loaHea.loa.TLiqLvg.T
pla.ctl.ctl.chaStaCoo.capReq.movAve.mu
pla.ctl.ctl.chaStaHea.capReq.movAve.mu
pla.ctl.ctl.ctlFloMin.ctlFloMinChiWat.ctl.conPID.I.y
pla.ctl.ctl.ctlFloMin.ctlFloMinHeaWat.ctl.conPID.I.y
pla.ctl.ctl.ctlPumPri.ctlDpChiWat.ctlDpLoc.conPID.I.y
pla.ctl.ctl.ctlPumPri.ctlDpHeaWat.ctlDpLoc.conPID.I.y
pla.ctl.resDpChiWatLoc[1].ctlDpRem.I.y
pla.ctl.resDpHeaWatLoc[1].ctlDpRem.I.y
pla.hp.hp[1].hp.con.vol.dynBal.U
pla.hp.hp[1].hp.eva.vol.dynBal.medium.Xi[]
pla.hp.hp[1].hp.eva.vol.dynBal.U
pla.hp.hp[1].THeaWatEnt.T
pla.hp.hp[1].THeaWatLvg.T
pla.hp.hp[1].TSouEnt.T
pla.hp.hp[1].TSouLvg.T
pla.hp.hp[2].hp.con.vol.dynBal.U
pla.hp.hp[2].hp.eva.vol.dynBal.medium.Xi[]
pla.hp.hp[2].hp.eva.vol.dynBal.U
pla.hp.hp[2].THeaWatEnt.T
pla.hp.hp[2].THeaWatLvg.T
pla.hp.hp[2].TSouEnt.T
pla.hp.hp[2].TSouLvg.T
pla.hp.hp[3].hp.con.vol.dynBal.U
pla.hp.hp[3].hp.eva.vol.dynBal.medium.Xi[]
pla.hp.hp[3].hp.eva.vol.dynBal.U
pla.hp.hp[3].THeaWatEnt.T
pla.hp.hp[3].THeaWatLvg.T
pla.hp.hp[3].TSouEnt.T
pla.hp.hp[3].TSouLvg.T
pla.junChiWatBypRet.vol.dynBal.U
pla.junChiWatBypSup.vol.dynBal.U
pla.junChiWatHrcEnt.vol.dynBal.U
pla.junChiWatHrcLvg.vol.dynBal.U
pla.junHeaWatBypRet.vol.dynBal.U
pla.junHeaWatBypSup.vol.dynBal.U
pla.junHeaWatHrcEnt.vol.dynBal.U
pla.junHeaWatHrcLvg.vol.dynBal.U
pla.pumPri.pumChiWat.pum[1].motSpe.y
pla.pumPri.pumChiWat.pum[1].vol.dynBal.U
pla.pumPri.pumChiWat.pum[2].motSpe.y
pla.pumPri.pumChiWat.pum[2].vol.dynBal.U
pla.pumPri.pumChiWat.pum[3].motSpe.y
pla.pumPri.pumChiWat.pum[3].vol.dynBal.U
pla.pumPri.pumHeaWat.pum[1].motSpe.y
pla.pumPri.pumHeaWat.pum[1].vol.dynBal.U
pla.pumPri.pumHeaWat.pum[2].motSpe.y
pla.pumPri.pumHeaWat.pum[2].vol.dynBal.U
pla.pumPri.pumHeaWat.pum[3].motSpe.y
pla.pumPri.pumHeaWat.pum[3].vol.dynBal.U
pla.tanChiWatRet.vol.dynBal.U
pla.tanHeaWatSup.vol.dynBal.U
pla.TChiWatLooOrSecRet.senTem.T
pla.TChiWatPriRet.senTem.T
pla.TChiWatPriSup.senTem.T
pla.THeaWatLooOrSecRet.senTem.T
pla.THeaWatPriRet.senTem.T
pla.THeaWatPriSup.senTem.T
pla.valChiWatMinByp.lin.actPos.y
pla.valHeaWatMinByp.lin.actPos.y
pla.valIso.junChiWatRet.dynBal.U
pla.valIso.junChiWatSup.dynBal.U
pla.valIso.junHeaWatRet.dynBal.U
pla.valIso.junHeaWatSup.dynBal.U
pla.valIso.valChiWatUniInlIso[1].lin.actPos.y
pla.valIso.valChiWatUniInlIso[2].lin.actPos.y
pla.valIso.valChiWatUniInlIso[3].lin.actPos.y
pla.valIso.valHeaWatUniInlIso[1].lin.actPos.y
pla.valIso.valHeaWatUniInlIso[2].lin.actPos.y
pla.valIso.valHeaWatUniInlIso[3].lin.actPos.y
volChiWat.dynBal.U
volHeaWat.dynBal.U

The following parameters have enable=false and don't have any value, only a start value:

datAll.pla.ctl.capCooPhp_nominal(start = 1)
datAll.pla.ctl.capCooShcPhp_nominal(start = 1)
datAll.pla.ctl.capHeaPhp_nominal(start = 1)
datAll.pla.ctl.capHeaShcPhp_nominal(start = 1)
datAll.pla.hp.dpChiWatPhp_nominal(start = 0)
datAll.pla.hp.dpHeaWatPhp_nominal(start = 40000.0)
datAll.pla.hp.dpSouWwHeaHp_nominal(start = 40000.0)
datAll.pla.hp.dpSouWwHeaPhp_nominal(start = 40000.0)
datAll.pla.hp.mChiWatPhp_flow_nominal(start = 1)
datAll.pla.hp.mHeaWatPhp_flow_nominal(start = 1)
datAll.pla.hp.mSouWwCooHp_flow_nominal(start = 23.90057361376673)
datAll.pla.hp.mSouWwCooPhp_flow_nominal(start = 1.0)
datAll.pla.hp.mSouWwHeaHp_flow_nominal(start = 14.937858508604206)
datAll.pla.hp.mSouWwHeaPhp_flow_nominal(start = 1.0)
datAll.tit24CliZon(start = Buildings.Controls.OBC.ASHRAE.G36.Types.Title24ClimateZone. Zone_1)
loaCoo.con.dp1_nominal(start = 0)
loaHea.con.dp1_nominal(start = 0)
pla.ctl.ctl.ctlFloMin.onAndCoo.selAva[1].u_internal(start = true)
pla.ctl.ctl.ctlFloMin.onAndCoo.selAva[2].u_internal(start = true)
pla.ctl.ctl.ctlFloMin.onAndCoo.selAva[3].u_internal(start = true)
pla.ctl.ctl.ctlFloMin.onAndHea.selAva[1].u_internal(start = true)
pla.ctl.ctl.ctlFloMin.onAndHea.selAva[2].u_internal(start = true)
pla.ctl.ctl.ctlFloMin.onAndHea.selAva[3].u_internal(start = true)
pla.ctl.ctl.ctlFloMin.pumDedOnAndHeaHp1[1].u_internal(start = true)
pla.ctl.ctl.ctlFloMin.pumDedOnAndHeaHp1[2].u_internal(start = true)
pla.ctl.ctl.ctlFloMin.pumDedOnAndHeaHp1[3].u_internal(start = true)
pla.ctl.ctl.ctlFloMin.pumDedOnAndHeaHp2[1].u_internal(start = true)
pla.ctl.ctl.ctlFloMin.pumDedOnAndHeaHp2[2].u_internal(start = true)
pla.ctl.ctl.ctlFloMin.pumDedOnAndHeaHp2[3].u_internal(start = true)
pla.ctl.ctl.ctlFloMin.pumDedOnCoo.selAva[1].u_internal(start = true)
pla.ctl.ctl.ctlFloMin.pumDedOnCoo.selAva[2].u_internal(start = true)
pla.ctl.ctl.ctlFloMin.pumDedOnCoo.selAva[3].u_internal(start = true)
pla.ctl.ctl.ctlFloMin.pumDedOnHeaHpPhp.selAva[1].u_internal(start = true)
pla.ctl.ctl.ctlFloMin.pumDedOnHeaHpPhp.selAva[2].u_internal(start = true)
pla.ctl.ctl.ctlFloMin.pumDedOnHeaHpPhp.selAva[3].u_internal(start = true)
pla.ctl.ctl.ctlPumPri.ph[1].u_internal(start = 0)
pla.ctl.ctl.ctlPumPri.ph[2].u_internal(start = 0)
pla.ctl.ctl.ctlPumPri.ph[3].u_internal(start = 0)
pla.ctl.ctl.ctlPumPri.pumDedOnAndHeaHp2[1].u_internal(start = true)
pla.ctl.ctl.ctlPumPri.pumDedOnAndHeaHp2[2].u_internal(start = true)
pla.ctl.ctl.ctlPumPri.pumDedOnAndHeaHp2[3].u_internal(start = true)
pla.ctl.ctl.ctlPumPri.pumDedOnAndHeaHp[1].u_internal(start = true)
pla.ctl.ctl.ctlPumPri.pumDedOnAndHeaHp[2].u_internal(start = true)
pla.ctl.ctl.ctlPumPri.pumDedOnAndHeaHp[3].u_internal(start = true)
pla.ctl.ctl.ctlPumPri.pumDedOnCoo.selAva[1].u_internal(start = true)
pla.ctl.ctl.ctlPumPri.pumDedOnCoo.selAva[2].u_internal(start = true)
pla.ctl.ctl.ctlPumPri.pumDedOnCoo.selAva[3].u_internal(start = true)
pla.ctl.ctl.ctlPumPri.pumDedOnHea.selAva[1].u_internal(start = true)
pla.ctl.ctl.ctlPumPri.pumDedOnHea.selAva[2].u_internal(start = true)
pla.ctl.ctl.ctlPumPri.pumDedOnHea.selAva[3].u_internal(start = true)
pla.ctl.ctl.idxStaCoo.pas[1].u_internal(start = true)
pla.ctl.ctl.idxStaCoo.pas[2].u_internal(start = true)
pla.ctl.ctl.idxStaCoo.pas[3].u_internal(start = true)
pla.ctl.ctl.idxStaHea.pas[1].u_internal(start = true)
pla.ctl.ctl.idxStaHea.pas[2].u_internal(start = true)
pla.ctl.ctl.idxStaHea.pas[3].u_internal(start = true)
pla.ctl.ctl.TChiWatRet.u_internal(start = 0)
pla.ctl.ctl.THeaWatRet.u_internal(start = 0)
pla.ctl.ctl.VChiWatSta_flow.u_internal(start = 0)
pla.ctl.ctl.VHeaWatSta_flow.u_internal(start = 0)
pla.ctl.TChiWatLooOrSecRet.u_internal(start = 0)
pla.ctl.THeaWatLooOrSecRet.u_internal(start = 0)
pla.hp.datHp[1].capCooShc_nominal(start = 0)
pla.hp.datHp[1].capHeaShc_nominal(start = 0)
pla.hp.datHp[1].dpChiWatPhp_nominal(start = 0)
pla.hp.datHp[2].capCooShc_nominal(start = 0)
pla.hp.datHp[2].capHeaShc_nominal(start = 0)
pla.hp.datHp[2].dpChiWatPhp_nominal(start = 0)
pla.hp.datHp[3].capCooShc_nominal(start = 0)
pla.hp.datHp[3].capHeaShc_nominal(start = 0)
pla.hp.datHp[3].dpChiWatPhp_nominal(start = 0)
pla.nPhp_select(start = 0)
pla.typDis_select2(start = Buildings.Templates.Plants.HeatPumps.Types.Distribution. Constant1Variable2)

Failed
